Archive member included to satisfy reference by file (symbol)

../../build/libuser.a(user_syscalls.c.o)
                              build/test_write.o (write)
../../build/libuser.a(stdio.c.o)
                              build/test_write.o (printf)
../../build/libuser.a(string.c.o)
                              ../../build/libuser.a(stdio.c.o) (strlen)
/usr/lib/gcc/arm-none-eabi/13.2.1/libgcc.a(_divsi3.o)
                              ../../build/libuser.a(stdio.c.o) (__aeabi_idivmod)
/usr/lib/gcc/arm-none-eabi/13.2.1/libgcc.a(_dvmd_tls.o)
                              /usr/lib/gcc/arm-none-eabi/13.2.1/libgcc.a(_divsi3.o) (__aeabi_idiv0)

There are no discarded input sections

Memory Configuration

Name             Origin             Length             Attributes
USER_RAM         0x20008000         0x00008000         xrw
FLASH            0x00000000         0x00040000         xr
*default*        0x00000000         0xffffffff

Linker script and memory map

LOAD build/test_write.o
LOAD build/vectors.o
LOAD ../../build/libuser.a
LOAD /usr/lib/gcc/arm-none-eabi/13.2.1/libgcc.a
                0x20010000                        _estack = (ORIGIN (USER_RAM) + LENGTH (USER_RAM))

.vectors        0x20008000        0x8
 *(.vectors)
 .vectors       0x20008000        0x8 build/vectors.o

.text           0x20008008      0x544
                0x20008008                        . = ALIGN (0x4)
 *(.text .text* .rodata .rodata*)
 .text          0x20008008        0x0 build/test_write.o
 .rodata.str1.4
                0x20008008       0xbe build/test_write.o
 *fill*         0x200080c6        0x2 
 .text.startup  0x200080c8       0x64 build/test_write.o
                0x200080c8                main
 .text          0x2000812c        0x6 build/vectors.o
                0x2000812c                Reset_Handler
 .text          0x20008132        0x0 ../../build/libuser.a(user_syscalls.c.o)
 .text.syscall  0x20008132       0x1a ../../build/libuser.a(user_syscalls.c.o)
 .text.__errno  0x2000814c        0x2 ../../build/libuser.a(user_syscalls.c.o)
                0x2000814c                __errno
 .text._exit    0x2000814e       0x10 ../../build/libuser.a(user_syscalls.c.o)
                0x2000814e                _exit
 .text._read    0x2000815e       0x10 ../../build/libuser.a(user_syscalls.c.o)
                0x2000815e                _read
 .text._write   0x2000816e       0x10 ../../build/libuser.a(user_syscalls.c.o)
                0x2000816e                _write
 .text._sbrk    0x2000817e       0x10 ../../build/libuser.a(user_syscalls.c.o)
                0x2000817e                _sbrk
 .text._close   0x2000818e       0x10 ../../build/libuser.a(user_syscalls.c.o)
                0x2000818e                _close
 .text._fstat   0x2000819e       0x10 ../../build/libuser.a(user_syscalls.c.o)
                0x2000819e                _fstat
 .text._isatty  0x200081ae       0x10 ../../build/libuser.a(user_syscalls.c.o)
                0x200081ae                _isatty
 .text._lseek   0x200081be       0x10 ../../build/libuser.a(user_syscalls.c.o)
                0x200081be                _lseek
 .text._open    0x200081ce       0x10 ../../build/libuser.a(user_syscalls.c.o)
                0x200081ce                _open
 .text._kill    0x200081de       0x10 ../../build/libuser.a(user_syscalls.c.o)
                0x200081de                _kill
 .text._getpid  0x200081ee       0x10 ../../build/libuser.a(user_syscalls.c.o)
                0x200081ee                _getpid
 .text._gettimeofday
                0x200081fe       0x10 ../../build/libuser.a(user_syscalls.c.o)
                0x200081fe                _gettimeofday
 .text.exec     0x2000820e       0x10 ../../build/libuser.a(user_syscalls.c.o)
                0x2000820e                exec
 .text.yield    0x2000821e       0x10 ../../build/libuser.a(user_syscalls.c.o)
                0x2000821e                yield
 .text.sleep    0x2000822e       0x10 ../../build/libuser.a(user_syscalls.c.o)
                0x2000822e                sleep
 .text.send_msg
                0x2000823e       0x10 ../../build/libuser.a(user_syscalls.c.o)
                0x2000823e                send_msg
 .text.receive_msg
                0x2000824e       0x10 ../../build/libuser.a(user_syscalls.c.o)
                0x2000824e                receive_msg
 .text.write    0x2000825e        0x8 ../../build/libuser.a(user_syscalls.c.o)
                0x2000825e                write
 .text          0x20008266        0x0 ../../build/libuser.a(stdio.c.o)
 .text.itoa.part.0
                0x20008266       0x64 ../../build/libuser.a(stdio.c.o)
 .text.putchar  0x200082ca       0x12 ../../build/libuser.a(stdio.c.o)
                0x200082ca                putchar
 .rodata.puts.str1.1
                0x200082dc        0x2 ../../build/libuser.a(stdio.c.o)
 *fill*         0x200082de        0x2 
 .text.puts     0x200082e0       0x24 ../../build/libuser.a(stdio.c.o)
                0x200082e0                puts
 .text.getchar  0x20008304       0x1e ../../build/libuser.a(stdio.c.o)
                0x20008304                getchar
 .text.printf   0x20008322       0x98 ../../build/libuser.a(stdio.c.o)
                0x20008322                printf
 .text          0x200083ba        0x0 ../../build/libuser.a(string.c.o)
 .text.strcmp   0x200083ba       0x16 ../../build/libuser.a(string.c.o)
                0x200083ba                strcmp
 .text.strlen   0x200083d0        0x8 ../../build/libuser.a(string.c.o)
                0x200083d0                strlen
 .text.strcpy   0x200083d8        0xe ../../build/libuser.a(string.c.o)
                0x200083d8                strcpy
 .text.strcat   0x200083e6       0x1a ../../build/libuser.a(string.c.o)
                0x200083e6                strcat
 .text          0x20008400      0x148 /usr/lib/gcc/arm-none-eabi/13.2.1/libgcc.a(_divsi3.o)
                0x20008400                __aeabi_idiv
                0x20008400                __divsi3
                0x20008528                __aeabi_idivmod
 .text          0x20008548        0x4 /usr/lib/gcc/arm-none-eabi/13.2.1/libgcc.a(_dvmd_tls.o)
                0x20008548                __aeabi_ldiv0
                0x20008548                __aeabi_idiv0
                0x2000854c                        . = ALIGN (0x4)
                0x2000854c                        _etext = .

.glue_7         0x2000854c        0x0
 .glue_7        0x2000854c        0x0 linker stubs

.glue_7t        0x2000854c        0x0
 .glue_7t       0x2000854c        0x0 linker stubs

.vfp11_veneer   0x2000854c        0x0
 .vfp11_veneer  0x2000854c        0x0 linker stubs

.v4_bx          0x2000854c        0x0
 .v4_bx         0x2000854c        0x0 linker stubs

.iplt           0x2000854c        0x0
 .iplt          0x2000854c        0x0 build/test_write.o

.rel.dyn        0x2000854c        0x0
 .rel.iplt      0x2000854c        0x0 build/test_write.o

.data           0x2000854c        0x0
                0x2000854c                        . = ALIGN (0x4)
                0x2000854c                        _sdata = .
 *(.data .data*)
 .data          0x2000854c        0x0 build/test_write.o
 .data          0x2000854c        0x0 build/vectors.o
 .data          0x2000854c        0x0 ../../build/libuser.a(user_syscalls.c.o)
 .data          0x2000854c        0x0 ../../build/libuser.a(stdio.c.o)
 .data          0x2000854c        0x0 ../../build/libuser.a(string.c.o)
 .data          0x2000854c        0x0 /usr/lib/gcc/arm-none-eabi/13.2.1/libgcc.a(_divsi3.o)
 .data          0x2000854c        0x0 /usr/lib/gcc/arm-none-eabi/13.2.1/libgcc.a(_dvmd_tls.o)
                0x2000854c                        . = ALIGN (0x4)
                0x2000854c                        _edata = .

.igot.plt       0x2000854c        0x0
 .igot.plt      0x2000854c        0x0 build/test_write.o

.bss            0x2000854c        0x0
                0x2000854c                        . = ALIGN (0x4)
                0x2000854c                        _sbss = .
 *(.bss .bss*)
 .bss           0x2000854c        0x0 build/test_write.o
 .bss           0x2000854c        0x0 build/vectors.o
 .bss           0x2000854c        0x0 ../../build/libuser.a(user_syscalls.c.o)
 .bss           0x2000854c        0x0 ../../build/libuser.a(stdio.c.o)
 .bss           0x2000854c        0x0 ../../build/libuser.a(string.c.o)
 .bss           0x2000854c        0x0 /usr/lib/gcc/arm-none-eabi/13.2.1/libgcc.a(_divsi3.o)
 .bss           0x2000854c        0x0 /usr/lib/gcc/arm-none-eabi/13.2.1/libgcc.a(_dvmd_tls.o)
 *(COMMON)
                0x2000854c                        . = ALIGN (0x4)
                0x2000854c                        _ebss = .
                [!provide]                        PROVIDE (__user_ram_start__ = ORIGIN (USER_RAM))
                [!provide]                        PROVIDE (__user_ram_end__ = (ORIGIN (USER_RAM) + LENGTH (USER_RAM)))
OUTPUT(build/test_write.elf elf32-littlearm)
LOAD linker stubs

.comment        0x00000000       0x26
 .comment       0x00000000       0x26 build/test_write.o
                                 0x27 (size before relaxing)
 .comment       0x00000026       0x27 ../../build/libuser.a(user_syscalls.c.o)
 .comment       0x00000026       0x27 ../../build/libuser.a(stdio.c.o)
 .comment       0x00000026       0x27 ../../build/libuser.a(string.c.o)

.ARM.attributes
                0x00000000       0x2f
 .ARM.attributes
                0x00000000       0x2c build/test_write.o
 .ARM.attributes
                0x0000002c       0x21 build/vectors.o
 .ARM.attributes
                0x0000004d       0x2c ../../build/libuser.a(user_syscalls.c.o)
 .ARM.attributes
                0x00000079       0x2c ../../build/libuser.a(stdio.c.o)
 .ARM.attributes
                0x000000a5       0x2c ../../build/libuser.a(string.c.o)
 .ARM.attributes
                0x000000d1       0x1c /usr/lib/gcc/arm-none-eabi/13.2.1/libgcc.a(_divsi3.o)
 .ARM.attributes
                0x000000ed       0x1c /usr/lib/gcc/arm-none-eabi/13.2.1/libgcc.a(_dvmd_tls.o)

.debug_info     0x00000000     0x119b
 .debug_info    0x00000000      0xacc ../../build/libuser.a(user_syscalls.c.o)
 .debug_info    0x00000acc      0x4aa ../../build/libuser.a(stdio.c.o)
 .debug_info    0x00000f76      0x1ab ../../build/libuser.a(string.c.o)
 .debug_info    0x00001121       0x3e /usr/lib/gcc/arm-none-eabi/13.2.1/libgcc.a(_divsi3.o)
 .debug_info    0x0000115f       0x3c /usr/lib/gcc/arm-none-eabi/13.2.1/libgcc.a(_dvmd_tls.o)

.debug_abbrev   0x00000000      0x4ac
 .debug_abbrev  0x00000000      0x16a ../../build/libuser.a(user_syscalls.c.o)
 .debug_abbrev  0x0000016a      0x214 ../../build/libuser.a(stdio.c.o)
 .debug_abbrev  0x0000037e       0xe0 ../../build/libuser.a(string.c.o)
 .debug_abbrev  0x0000045e       0x28 /usr/lib/gcc/arm-none-eabi/13.2.1/libgcc.a(_divsi3.o)
 .debug_abbrev  0x00000486       0x26 /usr/lib/gcc/arm-none-eabi/13.2.1/libgcc.a(_dvmd_tls.o)

.debug_loclists
                0x00000000      0x868
 .debug_loclists
                0x00000000      0x4f0 ../../build/libuser.a(user_syscalls.c.o)
 .debug_loclists
                0x000004f0      0x205 ../../build/libuser.a(stdio.c.o)
 .debug_loclists
                0x000006f5      0x173 ../../build/libuser.a(string.c.o)

.debug_aranges  0x00000000      0x170
 .debug_aranges
                0x00000000       0xb8 ../../build/libuser.a(user_syscalls.c.o)
 .debug_aranges
                0x000000b8       0x40 ../../build/libuser.a(stdio.c.o)
 .debug_aranges
                0x000000f8       0x38 ../../build/libuser.a(string.c.o)
 .debug_aranges
                0x00000130       0x20 /usr/lib/gcc/arm-none-eabi/13.2.1/libgcc.a(_divsi3.o)
 .debug_aranges
                0x00000150       0x20 /usr/lib/gcc/arm-none-eabi/13.2.1/libgcc.a(_dvmd_tls.o)

.debug_rnglists
                0x00000000      0x119
 .debug_rnglists
                0x00000000       0x85 ../../build/libuser.a(user_syscalls.c.o)
 .debug_rnglists
                0x00000085       0x6f ../../build/libuser.a(stdio.c.o)
 .debug_rnglists
                0x000000f4       0x25 ../../build/libuser.a(string.c.o)

.debug_line     0x00000000      0x9f3
 .debug_line    0x00000000      0x438 ../../build/libuser.a(user_syscalls.c.o)
 .debug_line    0x00000438      0x362 ../../build/libuser.a(stdio.c.o)
 .debug_line    0x0000079a      0x19c ../../build/libuser.a(string.c.o)
 .debug_line    0x00000936       0x73 /usr/lib/gcc/arm-none-eabi/13.2.1/libgcc.a(_divsi3.o)
 .debug_line    0x000009a9       0x4a /usr/lib/gcc/arm-none-eabi/13.2.1/libgcc.a(_dvmd_tls.o)

.debug_str      0x00000000      0x4fa
 .debug_str     0x00000000      0x4fa ../../build/libuser.a(user_syscalls.c.o)
                                0x3e8 (size before relaxing)
 .debug_str     0x000004fa      0x1ad ../../build/libuser.a(stdio.c.o)
 .debug_str     0x000004fa      0x154 ../../build/libuser.a(string.c.o)
 .debug_str     0x000004fa       0xa3 /usr/lib/gcc/arm-none-eabi/13.2.1/libgcc.a(_divsi3.o)
 .debug_str     0x000004fa       0xa6 /usr/lib/gcc/arm-none-eabi/13.2.1/libgcc.a(_dvmd_tls.o)

.debug_frame    0x00000000      0x31c
 .debug_frame   0x00000000      0x1f0 ../../build/libuser.a(user_syscalls.c.o)
 .debug_frame   0x000001f0       0xa4 ../../build/libuser.a(stdio.c.o)
 .debug_frame   0x00000294       0x68 ../../build/libuser.a(string.c.o)
 .debug_frame   0x000002fc       0x20 /usr/lib/gcc/arm-none-eabi/13.2.1/libgcc.a(_divsi3.o)

.debug_line_str
                0x00000000       0x7e
 .debug_line_str
                0x00000000       0x7e /usr/lib/gcc/arm-none-eabi/13.2.1/libgcc.a(_divsi3.o)
 .debug_line_str
                0x0000007e       0x7e /usr/lib/gcc/arm-none-eabi/13.2.1/libgcc.a(_dvmd_tls.o)
