Archive member included to satisfy reference by file (symbol)

../../build/libuser.a(stdio.c.o)
                              build/hello_app.o (printf)
../../build/libuser.a(string.c.o)
                              ../../build/libuser.a(stdio.c.o) (strlen)
../../build/libuser.a(malloc.c.o)
                              build/hello_app.o (free)
../../build/libuser.a(user_syscalls.c.o)
                              ../../build/libuser.a(stdio.c.o) (_read)
/usr/lib/gcc/arm-none-eabi/13.2.1/libgcc.a(_divsi3.o)
                              ../../build/libuser.a(stdio.c.o) (__aeabi_idivmod)
/usr/lib/gcc/arm-none-eabi/13.2.1/libgcc.a(_dvmd_tls.o)
                              /usr/lib/gcc/arm-none-eabi/13.2.1/libgcc.a(_divsi3.o) (__aeabi_idiv0)

There are no discarded input sections

Memory Configuration

Name             Origin             Length             Attributes
USER_RAM         0x20008000         0x00008000         xrw
FLASH            0x00000000         0x00040000         xr
*default*        0x00000000         0xffffffff

Linker script and memory map

LOAD build/hello_app.o
LOAD build/vectors.o
LOAD ../../build/libuser.a
LOAD /usr/lib/gcc/arm-none-eabi/13.2.1/libgcc.a
                0x20010000                        _estack = (ORIGIN (USER_RAM) + LENGTH (USER_RAM))

.vectors        0x20008000        0x8
 *(.vectors)
 .vectors       0x20008000        0x8 build/vectors.o

.text           0x20008008      0x644
                0x20008008                        . = ALIGN (0x4)
 *(.text .text* .rodata .rodata*)
 .text          0x20008008        0x0 build/hello_app.o
 .rodata.str1.4
                0x20008008       0xd6 build/hello_app.o
 *fill*         0x200080de        0x2 
 .text.startup  0x200080e0       0x9c build/hello_app.o
                0x200080e0                main
 .text          0x2000817c        0x6 build/vectors.o
                0x2000817c                Reset_Handler
 .text          0x20008182        0x0 ../../build/libuser.a(stdio.c.o)
 .text.itoa.part.0
                0x20008182       0x64 ../../build/libuser.a(stdio.c.o)
 .text.putchar  0x200081e6       0x12 ../../build/libuser.a(stdio.c.o)
                0x200081e6                putchar
 .rodata.puts.str1.1
                0x200081f8        0x2 ../../build/libuser.a(stdio.c.o)
 *fill*         0x200081fa        0x2 
 .text.puts     0x200081fc       0x24 ../../build/libuser.a(stdio.c.o)
                0x200081fc                puts
 .text.getchar  0x20008220       0x1e ../../build/libuser.a(stdio.c.o)
                0x20008220                getchar
 .text.printf   0x2000823e       0x98 ../../build/libuser.a(stdio.c.o)
                0x2000823e                printf
 .text          0x200082d6        0x0 ../../build/libuser.a(string.c.o)
 .text.strcmp   0x200082d6       0x16 ../../build/libuser.a(string.c.o)
                0x200082d6                strcmp
 .text.strlen   0x200082ec        0x8 ../../build/libuser.a(string.c.o)
                0x200082ec                strlen
 .text.strcpy   0x200082f4        0xe ../../build/libuser.a(string.c.o)
                0x200082f4                strcpy
 .text.strcat   0x20008302       0x1a ../../build/libuser.a(string.c.o)
                0x20008302                strcat
 .text          0x2000831c        0x0 ../../build/libuser.a(malloc.c.o)
 .text.free     0x2000831c       0x58 ../../build/libuser.a(malloc.c.o)
                0x2000831c                free
 .text.malloc   0x20008374       0x7c ../../build/libuser.a(malloc.c.o)
                0x20008374                malloc
 .text          0x200083f0        0x0 ../../build/libuser.a(user_syscalls.c.o)
 .text.syscall  0x200083f0       0x1a ../../build/libuser.a(user_syscalls.c.o)
 .text.__errno  0x2000840a        0x2 ../../build/libuser.a(user_syscalls.c.o)
                0x2000840a                __errno
 .text._exit    0x2000840c       0x10 ../../build/libuser.a(user_syscalls.c.o)
                0x2000840c                _exit
 .text._read    0x2000841c       0x10 ../../build/libuser.a(user_syscalls.c.o)
                0x2000841c                _read
 .text._write   0x2000842c       0x10 ../../build/libuser.a(user_syscalls.c.o)
                0x2000842c                _write
 .text.sbrk     0x2000843c       0x10 ../../build/libuser.a(user_syscalls.c.o)
                0x2000843c                sbrk
 .text._close   0x2000844c       0x10 ../../build/libuser.a(user_syscalls.c.o)
                0x2000844c                _close
 .text._fstat   0x2000845c       0x10 ../../build/libuser.a(user_syscalls.c.o)
                0x2000845c                _fstat
 .text._isatty  0x2000846c        0x4 ../../build/libuser.a(user_syscalls.c.o)
                0x2000846c                _isatty
 .text._lseek   0x20008470       0x10 ../../build/libuser.a(user_syscalls.c.o)
                0x20008470                _lseek
 .text._open    0x20008480       0x10 ../../build/libuser.a(user_syscalls.c.o)
                0x20008480                _open
 .text._kill    0x20008490        0x2 ../../build/libuser.a(user_syscalls.c.o)
                0x20008490                _kill
 .text._getpid  0x20008492        0x4 ../../build/libuser.a(user_syscalls.c.o)
                0x20008492                _getpid
 .text._gettimeofday
                0x20008496       0x10 ../../build/libuser.a(user_syscalls.c.o)
                0x20008496                _gettimeofday
 .text.exec     0x200084a6       0x10 ../../build/libuser.a(user_syscalls.c.o)
                0x200084a6                exec
 .text.yield    0x200084b6       0x10 ../../build/libuser.a(user_syscalls.c.o)
                0x200084b6                yield
 .text.sleep    0x200084c6       0x10 ../../build/libuser.a(user_syscalls.c.o)
                0x200084c6                sleep
 .text.send_msg
                0x200084d6       0x10 ../../build/libuser.a(user_syscalls.c.o)
                0x200084d6                send_msg
 .text.receive_msg
                0x200084e6       0x10 ../../build/libuser.a(user_syscalls.c.o)
                0x200084e6                receive_msg
 .text.write    0x200084f6        0x8 ../../build/libuser.a(user_syscalls.c.o)
                0x200084f6                write
 *fill*         0x200084fe        0x2 
 .text          0x20008500      0x148 /usr/lib/gcc/arm-none-eabi/13.2.1/libgcc.a(_divsi3.o)
                0x20008500                __aeabi_idiv
                0x20008500                __divsi3
                0x20008628                __aeabi_idivmod
 .text          0x20008648        0x4 /usr/lib/gcc/arm-none-eabi/13.2.1/libgcc.a(_dvmd_tls.o)
                0x20008648                __aeabi_ldiv0
                0x20008648                __aeabi_idiv0
                0x2000864c                        . = ALIGN (0x4)
                0x2000864c                        _etext = .

.glue_7         0x2000864c        0x0
 .glue_7        0x2000864c        0x0 linker stubs

.glue_7t        0x2000864c        0x0
 .glue_7t       0x2000864c        0x0 linker stubs

.vfp11_veneer   0x2000864c        0x0
 .vfp11_veneer  0x2000864c        0x0 linker stubs

.v4_bx          0x2000864c        0x0
 .v4_bx         0x2000864c        0x0 linker stubs

.iplt           0x2000864c        0x0
 .iplt          0x2000864c        0x0 build/hello_app.o

.rel.dyn        0x2000864c        0x0
 .rel.iplt      0x2000864c        0x0 build/hello_app.o

.data           0x2000864c        0x0
                0x2000864c                        . = ALIGN (0x4)
                0x2000864c                        _sdata = .
 *(.data .data*)
 .data          0x2000864c        0x0 build/hello_app.o
 .data          0x2000864c        0x0 build/vectors.o
 .data          0x2000864c        0x0 ../../build/libuser.a(stdio.c.o)
 .data          0x2000864c        0x0 ../../build/libuser.a(string.c.o)
 .data          0x2000864c        0x0 ../../build/libuser.a(malloc.c.o)
 .data          0x2000864c        0x0 ../../build/libuser.a(user_syscalls.c.o)
 .data          0x2000864c        0x0 /usr/lib/gcc/arm-none-eabi/13.2.1/libgcc.a(_divsi3.o)
 .data          0x2000864c        0x0 /usr/lib/gcc/arm-none-eabi/13.2.1/libgcc.a(_dvmd_tls.o)
                0x2000864c                        . = ALIGN (0x4)
                0x2000864c                        _edata = .

.igot.plt       0x2000864c        0x0
 .igot.plt      0x2000864c        0x0 build/hello_app.o

.bss            0x2000864c        0xc
                0x2000864c                        . = ALIGN (0x4)
                0x2000864c                        _sbss = .
 *(.bss .bss*)
 .bss           0x2000864c        0x0 build/hello_app.o
 .bss           0x2000864c        0x0 build/vectors.o
 .bss           0x2000864c        0x0 ../../build/libuser.a(stdio.c.o)
 .bss           0x2000864c        0x0 ../../build/libuser.a(string.c.o)
 .bss           0x2000864c        0x0 ../../build/libuser.a(malloc.c.o)
 .bss.freep     0x2000864c        0x4 ../../build/libuser.a(malloc.c.o)
 .bss.base      0x20008650        0x8 ../../build/libuser.a(malloc.c.o)
 .bss           0x20008658        0x0 ../../build/libuser.a(user_syscalls.c.o)
 .bss           0x20008658        0x0 /usr/lib/gcc/arm-none-eabi/13.2.1/libgcc.a(_divsi3.o)
 .bss           0x20008658        0x0 /usr/lib/gcc/arm-none-eabi/13.2.1/libgcc.a(_dvmd_tls.o)
 *(COMMON)
                0x20008658                        . = ALIGN (0x4)
                0x20008658                        _ebss = .
                [!provide]                        PROVIDE (__user_ram_start__ = ORIGIN (USER_RAM))
                [!provide]                        PROVIDE (__user_ram_end__ = (ORIGIN (USER_RAM) + LENGTH (USER_RAM)))
OUTPUT(build/hello_app.elf elf32-littlearm)
LOAD linker stubs

.comment        0x00000000       0x26
 .comment       0x00000000       0x26 build/hello_app.o
                                 0x27 (size before relaxing)
 .comment       0x00000026       0x27 ../../build/libuser.a(stdio.c.o)
 .comment       0x00000026       0x27 ../../build/libuser.a(string.c.o)
 .comment       0x00000026       0x27 ../../build/libuser.a(malloc.c.o)
 .comment       0x00000026       0x27 ../../build/libuser.a(user_syscalls.c.o)

.ARM.attributes
                0x00000000       0x2f
 .ARM.attributes
                0x00000000       0x2c build/hello_app.o
 .ARM.attributes
                0x0000002c       0x21 build/vectors.o
 .ARM.attributes
                0x0000004d       0x2c ../../build/libuser.a(stdio.c.o)
 .ARM.attributes
                0x00000079       0x2c ../../build/libuser.a(string.c.o)
 .ARM.attributes
                0x000000a5       0x2c ../../build/libuser.a(malloc.c.o)
 .ARM.attributes
                0x000000d1       0x2c ../../build/libuser.a(user_syscalls.c.o)
 .ARM.attributes
                0x000000fd       0x1c /usr/lib/gcc/arm-none-eabi/13.2.1/libgcc.a(_divsi3.o)
 .ARM.attributes
                0x00000119       0x1c /usr/lib/gcc/arm-none-eabi/13.2.1/libgcc.a(_dvmd_tls.o)

.debug_info     0x00000000     0x139f
 .debug_info    0x00000000      0x4aa ../../build/libuser.a(stdio.c.o)
 .debug_info    0x000004aa      0x1ab ../../build/libuser.a(string.c.o)
 .debug_info    0x00000655      0x274 ../../build/libuser.a(malloc.c.o)
 .debug_info    0x000008c9      0xa5c ../../build/libuser.a(user_syscalls.c.o)
 .debug_info    0x00001325       0x3e /usr/lib/gcc/arm-none-eabi/13.2.1/libgcc.a(_divsi3.o)
 .debug_info    0x00001363       0x3c /usr/lib/gcc/arm-none-eabi/13.2.1/libgcc.a(_dvmd_tls.o)

.debug_abbrev   0x00000000      0x6a8
 .debug_abbrev  0x00000000      0x214 ../../build/libuser.a(stdio.c.o)
 .debug_abbrev  0x00000214       0xe0 ../../build/libuser.a(string.c.o)
 .debug_abbrev  0x000002f4      0x1d8 ../../build/libuser.a(malloc.c.o)
 .debug_abbrev  0x000004cc      0x18e ../../build/libuser.a(user_syscalls.c.o)
 .debug_abbrev  0x0000065a       0x28 /usr/lib/gcc/arm-none-eabi/13.2.1/libgcc.a(_divsi3.o)
 .debug_abbrev  0x00000682       0x26 /usr/lib/gcc/arm-none-eabi/13.2.1/libgcc.a(_dvmd_tls.o)

.debug_loclists
                0x00000000      0x98a
 .debug_loclists
                0x00000000      0x205 ../../build/libuser.a(stdio.c.o)
 .debug_loclists
                0x00000205      0x173 ../../build/libuser.a(string.c.o)
 .debug_loclists
                0x00000378      0x15b ../../build/libuser.a(malloc.c.o)
 .debug_loclists
                0x000004d3      0x4b7 ../../build/libuser.a(user_syscalls.c.o)

.debug_aranges  0x00000000      0x198
 .debug_aranges
                0x00000000       0x40 ../../build/libuser.a(stdio.c.o)
 .debug_aranges
                0x00000040       0x38 ../../build/libuser.a(string.c.o)
 .debug_aranges
                0x00000078       0x28 ../../build/libuser.a(malloc.c.o)
 .debug_aranges
                0x000000a0       0xb8 ../../build/libuser.a(user_syscalls.c.o)
 .debug_aranges
                0x00000158       0x20 /usr/lib/gcc/arm-none-eabi/13.2.1/libgcc.a(_divsi3.o)
 .debug_aranges
                0x00000178       0x20 /usr/lib/gcc/arm-none-eabi/13.2.1/libgcc.a(_dvmd_tls.o)

.debug_rnglists
                0x00000000      0x141
 .debug_rnglists
                0x00000000       0x6f ../../build/libuser.a(stdio.c.o)
 .debug_rnglists
                0x0000006f       0x25 ../../build/libuser.a(string.c.o)
 .debug_rnglists
                0x00000094       0x28 ../../build/libuser.a(malloc.c.o)
 .debug_rnglists
                0x000000bc       0x85 ../../build/libuser.a(user_syscalls.c.o)

.debug_line     0x00000000      0xc5e
 .debug_line    0x00000000      0x362 ../../build/libuser.a(stdio.c.o)
 .debug_line    0x00000362      0x19c ../../build/libuser.a(string.c.o)
 .debug_line    0x000004fe      0x290 ../../build/libuser.a(malloc.c.o)
 .debug_line    0x0000078e      0x413 ../../build/libuser.a(user_syscalls.c.o)
 .debug_line    0x00000ba1       0x73 /usr/lib/gcc/arm-none-eabi/13.2.1/libgcc.a(_divsi3.o)
 .debug_line    0x00000c14       0x4a /usr/lib/gcc/arm-none-eabi/13.2.1/libgcc.a(_dvmd_tls.o)

.debug_str      0x00000000      0x56b
 .debug_str     0x00000000      0x56b ../../build/libuser.a(stdio.c.o)
                                0x1ad (size before relaxing)
 .debug_str     0x0000056b      0x154 ../../build/libuser.a(string.c.o)
 .debug_str     0x0000056b      0x1c3 ../../build/libuser.a(malloc.c.o)
 .debug_str     0x0000056b      0x3e7 ../../build/libuser.a(user_syscalls.c.o)
 .debug_str     0x0000056b       0xa3 /usr/lib/gcc/arm-none-eabi/13.2.1/libgcc.a(_divsi3.o)
 .debug_str     0x0000056b       0xa6 /usr/lib/gcc/arm-none-eabi/13.2.1/libgcc.a(_dvmd_tls.o)

.debug_frame    0x00000000      0x350
 .debug_frame   0x00000000       0xa4 ../../build/libuser.a(stdio.c.o)
 .debug_frame   0x000000a4       0x68 ../../build/libuser.a(string.c.o)
 .debug_frame   0x0000010c       0x4c ../../build/libuser.a(malloc.c.o)
 .debug_frame   0x00000158      0x1d8 ../../build/libuser.a(user_syscalls.c.o)
 .debug_frame   0x00000330       0x20 /usr/lib/gcc/arm-none-eabi/13.2.1/libgcc.a(_divsi3.o)

.debug_line_str
                0x00000000       0x7e
 .debug_line_str
                0x00000000       0x7e /usr/lib/gcc/arm-none-eabi/13.2.1/libgcc.a(_divsi3.o)
 .debug_line_str
                0x0000007e       0x7e /usr/lib/gcc/arm-none-eabi/13.2.1/libgcc.a(_dvmd_tls.o)
